==========================================
AI Paper Classification for Engineering
Started at: Sun Oct 26 20:55:26 EDT 2025
Job ID: 51346691
==========================================

AI Paper Classification for Engineering
============================================================

Loading AI keywords from /project/def-kmcel/hridansh/openalex_project/data/keywords/AI_Keywords.csv...
Loaded 211 unique keywords

Processing year 2012
  Papers: 1502941, AI: 50726
Processing year 2022
  Papers: 1666849, AI: 150348

============================================================
OVERALL SUMMARY
============================================================
Total papers processed: 3169790
Total AI papers: 201074
============================================================


==========================================
Completed at: Sun Oct 26 23:04:00 EDT 2025
==========================================
