==========================================
AI Paper Classification for Engineering
Started at: Sun Oct 26 21:04:47 EDT 2025
Job ID: 51348169
==========================================

AI Paper Classification for Engineering
============================================================

Loading AI keywords from /project/def-kmcel/hridansh/openalex_project/data/keywords/AI_Keywords.csv...
Loaded 211 unique keywords

Processing year 2016
  Papers: 983906, AI: 29089

============================================================
OVERALL SUMMARY
============================================================
Total papers processed: 983906
Total AI papers: 29089
============================================================


==========================================
Completed at: Sun Oct 26 21:47:21 EDT 2025
==========================================
