==========================================
Robotics Paper Classification for Engineering
Started at: Sun Oct 26 21:48:57 EDT 2025
Job ID: 51356154
==========================================

Robotics Paper Classification for Engineering
============================================================

Loading Robotics keywords from /project/def-kmcel/hridansh/openalex_project/data/keywords/robotics_Keywords.csv...
Loaded 198 unique keywords

Processing year 2016
  Papers: 983906, Robotics: 10000

============================================================
OVERALL SUMMARY
============================================================
Total papers processed: 983906
Total Robotics papers: 10000
============================================================


==========================================
Completed at: Sun Oct 26 22:28:06 EDT 2025
==========================================
