==========================================
SDL vs Non-SDL (Robotics Paper) Graph Generation
Started at: Mon Oct 27 00:21:52 EDT 2025
Job ID: 51363389
Running on node: nl11003
==========================================

Python environment:
Python 3.11.5


============================================================
Extracting SDL vs AI data
============================================================

Processing year 2012...
  SDL: 3, Robotics (non-SDL): 17251
Processing year 2013...
  SDL: 6, Robotics (non-SDL): 10848
Processing year 2014...
  SDL: 5, Robotics (non-SDL): 10843
Processing year 2015...
  SDL: 14, Robotics (non-SDL): 11026
Processing year 2016...
  SDL: 11, Robotics (non-SDL): 10898
Processing year 2017...
  SDL: 19, Robotics (non-SDL): 11664
Processing year 2018...
  SDL: 26, Robotics (non-SDL): 13234
Processing year 2019...
  SDL: 35, Robotics (non-SDL): 14673
Processing year 2020...
  SDL: 50, Robotics (non-SDL): 15499
Processing year 2021...
  SDL: 45, Robotics (non-SDL): 16989
Processing year 2022...
  SDL: 86, Robotics (non-SDL): 30438
Processing year 2023...
  SDL: 78, Robotics (non-SDL): 20324
Processing year 2024...
  SDL: 20, Robotics (non-SDL): 15491
Processing year 2025...

Total SDL papers: 398
Total Robotics papers (excluding SDL): 199178
Saved plot: /project/def-kmcel/hridansh/openalex_project/results/team_size_sdl_vs_robotics.png

SUMMARY STATISTICS

Year    SDL Mean    SDL Std    Non-SDL Mean    Non-SDL Std    Difference
--------------------------------------------------------------------------------
2012    2.33        0.47       3.14            1.90           -0.80
2013    5.33        2.69       3.17            2.00           2.16
2014    8.60        4.80       3.23            1.98           5.37
2015    6.21        4.25       3.43            2.16           2.78
2016    6.45        3.68       3.71            2.22           2.75
2017    5.42        4.07       3.76            2.45           1.66
2018    6.46        3.41       3.88            2.24           2.59
2019    7.00        3.82       3.99            2.53           3.01
2020    7.22        3.87       4.05            2.56           3.17
2021    7.38        3.82       4.14            2.54           3.24
2022    7.86        4.81       4.35            2.37           3.51
2023    9.13        8.45       4.38            2.55           4.75
2024    8.90        3.62       4.61            2.93           4.29
--------------------------------------------------------------------------------
OVERALL 7.58        5.36       3.92            2.43           3.65

==========================================
Completed at: Mon Oct 27 00:31:57 EDT 2025
==========================================

Generated files:
total 421K
-rw-r-----. 1 hridansh def-kmcel 115K Oct 26 22:30 combined_team_size_all.png
-rw-r-----. 1 hridansh def-kmcel 116K Oct 26 22:40 combined_team_size_same_journals.png
-rw-r-----. 1 hridansh def-kmcel 115K Oct 26 23:01 combined_team_size_same_topics.png
-rw-r-----. 1 hridansh def-kmcel 117K Oct 27 00:31 team_size_sdl_vs_robotics.png
