==========================================
SDL vs Non-SDL (AI Paper) Graph Generation
Started at: Mon Oct 27 00:40:49 EDT 2025
Job ID: 51364447
Running on node: nl11003
==========================================

Python environment:
Python 3.11.5


============================================================
Extracting SAME JOURNALS AND TOPICS data
============================================================

Collecting SDL journals and topics...
Found 136 unique journals with SDL papers
Found 57 unique topics with SDL papers

Processing year 2012...
  SDL: 3, Non-SDL (journal+topic filtered): 13267
Processing year 2013...
  SDL: 6, Non-SDL (journal+topic filtered): 12835
Processing year 2014...
  SDL: 5, Non-SDL (journal+topic filtered): 13338
Processing year 2015...
  SDL: 14, Non-SDL (journal+topic filtered): 18152
Processing year 2016...
  SDL: 11, Non-SDL (journal+topic filtered): 19820
Processing year 2017...
  SDL: 19, Non-SDL (journal+topic filtered): 20593
Processing year 2018...
  SDL: 26, Non-SDL (journal+topic filtered): 23099
Processing year 2019...
  SDL: 35, Non-SDL (journal+topic filtered): 26568
Processing year 2020...
  SDL: 50, Non-SDL (journal+topic filtered): 29666
Processing year 2021...
  SDL: 45, Non-SDL (journal+topic filtered): 30576
Processing year 2022...
  SDL: 86, Non-SDL (journal+topic filtered): 45664
Processing year 2023...
  SDL: 78, Non-SDL (journal+topic filtered): 34566
Processing year 2024...
  SDL: 20, Non-SDL (journal+topic filtered): 39815

Total SDL papers: 398
Total Non-SDL papers (same journals AND topics): 327959
Saved plot: /project/def-kmcel/hridansh/openalex_project/results/team_size_same_journals_and_topics.png

SUMMARY STATISTICS

Year    SDL Mean    SDL Std    Non-SDL Mean    Non-SDL Std    Difference
--------------------------------------------------------------------------------
2012    2.33        0.47       4.91            2.75           -2.58
2013    5.33        2.69       5.20            2.89           0.13
2014    8.60        4.80       5.24            2.89           3.36
2015    6.21        4.25       5.59            3.10           0.63
2016    6.45        3.68       5.79            3.15           0.66
2017    5.42        4.07       5.95            3.33           -0.53
2018    6.46        3.41       6.03            3.38           0.43
2019    7.00        3.82       6.16            3.59           0.84
2020    7.22        3.87       6.23            3.93           0.99
2021    7.38        3.82       6.36            3.96           1.01
2022    7.86        4.81       6.50            3.77           1.36
2023    9.13        8.45       6.68            4.17           2.44
2024    8.90        3.62       7.04            4.23           1.86
--------------------------------------------------------------------------------
OVERALL 7.58        5.36       6.19            3.71           1.38

==========================================
Completed at: Mon Oct 27 01:10:14 EDT 2025
==========================================

Generated files:
total 689K
-rw-r-----. 1 hridansh def-kmcel 115K Oct 26 22:30 combined_team_size_all.png
-rw-r-----. 1 hridansh def-kmcel 116K Oct 26 22:40 combined_team_size_same_journals.png
-rw-r-----. 1 hridansh def-kmcel 115K Oct 26 23:01 combined_team_size_same_topics.png
-rw-r-----. 1 hridansh def-kmcel 117K Oct 27 00:31 combined_team_size_sdl_vs_robotics.png
-rw-r-----. 1 hridansh def-kmcel 115K Oct 27 00:51 engineering_team_size_same_topics.png
-rw-r-----. 1 hridansh def-kmcel 119K Oct 27 01:10 team_size_same_journals_and_topics.png
