==========================================
SDL vs Non-SDL (Same Journal) Graph Generation
Started at: Sun Oct 26 22:21:41 EDT 2025
Job ID: 51357317
Running on node: nl11102
==========================================

Python environment:
Python 3.11.5


============================================================
Extracting SAME JOURNALS data
============================================================

Collecting SDL journals...
Found 136 unique journals with SDL papers

Processing year 2012...
  SDL: 3, Non-SDL (filtered): 56863
Processing year 2013...
  SDL: 6, Non-SDL (filtered): 52572
Processing year 2014...
  SDL: 5, Non-SDL (filtered): 48111
Processing year 2015...
  SDL: 14, Non-SDL (filtered): 67713
Processing year 2016...
  SDL: 11, Non-SDL (filtered): 72203
Processing year 2017...
  SDL: 19, Non-SDL (filtered): 74737
Processing year 2018...
  SDL: 26, Non-SDL (filtered): 80913
Processing year 2019...
  SDL: 35, Non-SDL (filtered): 91445
Processing year 2020...
  SDL: 50, Non-SDL (filtered): 102512
Processing year 2021...
  SDL: 45, Non-SDL (filtered): 106383
Processing year 2022...
  SDL: 86, Non-SDL (filtered): 154733
Processing year 2023...
  SDL: 78, Non-SDL (filtered): 118399
Processing year 2024...
  SDL: 20, Non-SDL (filtered): 145318

Total SDL papers: 398
Total Non-SDL papers (same journals): 1171902
Saved plot: /project/def-kmcel/hridansh/openalex_project/results/team_size_same_journals.png

SUMMARY STATISTICS

Year    SDL Mean    SDL Std    Non-SDL Mean    Non-SDL Std    Difference
--------------------------------------------------------------------------------
2012    2.33        0.47       4.45            2.97           -2.12
2013    5.33        2.69       4.73            3.12           0.61
2014    8.60        4.80       4.63            3.00           3.97
2015    6.21        4.25       5.04            3.09           1.18
2016    6.45        3.68       5.15            3.17           1.31
2017    5.42        4.07       5.23            3.34           0.19
2018    6.46        3.41       5.27            3.35           1.19
2019    7.00        3.82       5.40            3.63           1.60
2020    7.22        3.87       5.43            3.58           1.79
2021    7.38        3.82       5.53            3.72           1.85
2022    7.86        4.81       5.66            3.75           2.20
2023    9.13        8.45       5.82            4.02           3.31
2024    8.90        3.62       6.03            4.10           2.87
--------------------------------------------------------------------------------
OVERALL 7.58        5.36       5.41            3.61           2.17

==========================================
Completed at: Sun Oct 26 22:40:01 EDT 2025
==========================================

Generated files:
total 25K
-rw-r-----. 1 hridansh def-kmcel 115K Oct 26 22:30 team_size_all_data.png
-rw-r-----. 1 hridansh def-kmcel 116K Oct 26 22:40 team_size_same_journals.png
