==========================================
SDL vs Non-SDL (Journals)  Graph Generation
Started at: Mon Oct 27 01:12:33 EDT 2025
Job ID: 51364510
Running on node: nl11003
==========================================

Python environment:
Python 3.11.5


============================================================
Extracting SAME JOURNALS data
============================================================

Collecting SDL journals...
Found 91 unique journals with SDL papers

Processing year 2012...
  SDL: 3, Non-SDL (filtered): 20696
Processing year 2013...
  SDL: 2, Non-SDL (filtered): 15578
Processing year 2014...
  SDL: 5, Non-SDL (filtered): 18221
Processing year 2015...
  SDL: 11, Non-SDL (filtered): 21529
Processing year 2016...
  SDL: 8, Non-SDL (filtered): 24917
Processing year 2017...
  SDL: 15, Non-SDL (filtered): 29573
Processing year 2018...
  SDL: 12, Non-SDL (filtered): 34937
Processing year 2019...
  SDL: 16, Non-SDL (filtered): 42628
Processing year 2020...
  SDL: 29, Non-SDL (filtered): 50918
Processing year 2021...
  SDL: 10, Non-SDL (filtered): 55383
Processing year 2022...
  SDL: 52, Non-SDL (filtered): 96271
Processing year 2023...
  SDL: 41, Non-SDL (filtered): 63505
Processing year 2024...
  SDL: 13, Non-SDL (filtered): 83264

Total SDL papers: 217
Total Non-SDL papers (same journals): 557420
Saved plot: /project/def-kmcel/hridansh/openalex_project/results/team_size_same_journals.png

SUMMARY STATISTICS

Year    SDL Mean    SDL Std    Non-SDL Mean    Non-SDL Std    Difference
--------------------------------------------------------------------------------
2012    2.33        0.47       4.03            3.26           -1.69
2013    4.00        1.00       4.27            3.61           -0.27
2014    8.60        4.80       4.40            3.28           4.20
2015    6.73        4.57       4.55            3.42           2.18
2016    6.12        3.82       4.70            3.16           1.42
2017    4.33        2.33       4.77            3.38           -0.44
2018    6.83        3.02       4.83            3.33           2.00
2019    7.88        4.48       4.97            3.61           2.90
2020    6.62        3.82       5.01            3.46           1.62
2021    10.20        3.54       5.13            3.57           5.07
2022    7.38        3.40       5.42            3.82           1.96
2023    9.76        8.91       5.54            3.96           4.22
2024    8.92        3.95       5.71            4.21           3.22
--------------------------------------------------------------------------------
OVERALL 7.59        5.35       5.12            3.72           2.47

==========================================
Completed at: Mon Oct 27 01:19:56 EDT 2025
==========================================

Generated files:
total 829K
-rw-r-----. 1 hridansh def-kmcel 115K Oct 26 22:30 combined_team_size_all.png
-rw-r-----. 1 hridansh def-kmcel 116K Oct 26 22:40 combined_team_size_same_journals.png
-rw-r-----. 1 hridansh def-kmcel 119K Oct 27 01:14 combined_team_size_same_journals_and_topics.png
-rw-r-----. 1 hridansh def-kmcel 115K Oct 26 23:01 combined_team_size_same_topics.png
-rw-r-----. 1 hridansh def-kmcel 117K Oct 27 00:31 combined_team_size_sdl_vs_robotics.png
-rw-r-----. 1 hridansh def-kmcel 115K Oct 27 00:51 engineering_team_size_same_topics.png
-rw-r-----. 1 hridansh def-kmcel 116K Oct 27 01:19 team_size_same_journals.png
