==========================================
SDL vs Non-SDL (AI PAPERS)  Graph Generation
Started at: Mon Oct 27 01:40:43 EDT 2025
Job ID: 51365635
Running on node: nl11003
==========================================

Python environment:
Python 3.11.5


============================================================
Extracting SDL vs AI data
============================================================

Processing year 2012...
  SDL: 3, Robotics (non-SDL): 51032
Processing year 2013...
  SDL: 6, Robotics (non-SDL): 31474
Processing year 2014...
  SDL: 5, Robotics (non-SDL): 31343
Processing year 2015...
  SDL: 14, Robotics (non-SDL): 30636
Processing year 2016...
  SDL: 11, Robotics (non-SDL): 30386
Processing year 2017...
  SDL: 19, Robotics (non-SDL): 35102
Processing year 2018...
  SDL: 26, Robotics (non-SDL): 44643
Processing year 2019...
  SDL: 35, Robotics (non-SDL): 56783
Processing year 2020...
  SDL: 50, Robotics (non-SDL): 67154
Processing year 2021...
  SDL: 45, Robotics (non-SDL): 80332
Processing year 2022...
  SDL: 86, Robotics (non-SDL): 153176
Processing year 2023...
  SDL: 78, Robotics (non-SDL): 108951
Processing year 2024...
  SDL: 20, Robotics (non-SDL): 87941
Processing year 2025...

Total SDL papers: 398
Total Robotics papers (excluding SDL): 808953
Saved plot: /project/def-kmcel/hridansh/openalex_project/results/team_size_sdl_vs_ai.png

SUMMARY STATISTICS

Year    SDL Mean    SDL Std    Non-SDL Mean    Non-SDL Std    Difference
--------------------------------------------------------------------------------
2012    2.33        0.47       2.83            1.68           -0.49
2013    5.33        2.69       2.82            1.79           2.52
2014    8.60        4.80       2.97            1.77           5.63
2015    6.21        4.25       3.16            1.88           3.05
2016    6.45        3.68       3.43            2.01           3.02
2017    5.42        4.07       3.50            2.00           1.92
2018    6.46        3.41       3.66            1.99           2.80
2019    7.00        3.82       3.81            2.15           3.19
2020    7.22        3.87       3.91            2.26           3.31
2021    7.38        3.82       4.04            2.32           3.33
2022    7.86        4.81       4.29            2.42           3.57
2023    9.13        8.45       4.31            2.55           4.82
2024    8.90        3.62       4.40            2.88           4.50
--------------------------------------------------------------------------------
OVERALL 7.58        5.36       3.87            2.35           3.71

==========================================
Completed at: Mon Oct 27 01:50:37 EDT 2025
==========================================

Generated files:
total 1.1M
-rw-r-----. 1 hridansh def-kmcel 115K Oct 26 22:30 combined_team_size_all.png
-rw-r-----. 1 hridansh def-kmcel 116K Oct 26 22:40 combined_team_size_same_journals.png
-rw-r-----. 1 hridansh def-kmcel 119K Oct 27 01:14 combined_team_size_same_journals_and_topics.png
-rw-r-----. 1 hridansh def-kmcel 115K Oct 26 23:01 combined_team_size_same_topics.png
-rw-r-----. 1 hridansh def-kmcel 117K Oct 27 00:31 combined_team_size_sdl_vs_robotics.png
-rw-r-----. 1 hridansh def-kmcel 115K Oct 27 01:32 engineering_team_size_all_data.png
-rw-r-----. 1 hridansh def-kmcel 116K Oct 27 01:19 engineering_team_size_same_journals.png
-rw-r-----. 1 hridansh def-kmcel 115K Oct 27 00:51 engineering_team_size_same_topics.png
-rw-r-----. 1 hridansh def-kmcel 115K Oct 27 01:50 team_size_sdl_vs_ai.png
