==========================================
SDL vs Non-SDL (Same Topic) Graph Generation
Started at: Sun Oct 26 22:21:19 EDT 2025
Job ID: 51357314
Running on node: nl11102
==========================================

Python environment:
Python 3.11.5


============================================================
Extracting SAME TOPICS data
============================================================

Collecting SDL topics...
Found 57 unique topics with SDL papers

Processing year 2012...
  SDL: 3, Non-SDL (filtered): 206372
Processing year 2013...
  SDL: 6, Non-SDL (filtered): 194057
Processing year 2014...
  SDL: 5, Non-SDL (filtered): 178009
Processing year 2015...
  SDL: 14, Non-SDL (filtered): 201264
Processing year 2016...
  SDL: 11, Non-SDL (filtered): 205369
Processing year 2017...
  SDL: 19, Non-SDL (filtered): 211954
Processing year 2018...
  SDL: 26, Non-SDL (filtered): 218837
Processing year 2019...
  SDL: 35, Non-SDL (filtered): 237224
Processing year 2020...
  SDL: 50, Non-SDL (filtered): 263289
Processing year 2021...
  SDL: 45, Non-SDL (filtered): 242619
Processing year 2022...
  SDL: 86, Non-SDL (filtered): 335321
Processing year 2023...
  SDL: 78, Non-SDL (filtered): 266533
Processing year 2024...
  SDL: 20, Non-SDL (filtered): 223993
Processing year 2025...

Total SDL papers: 398
Total Non-SDL papers (same topics): 2984841
Saved plot: /project/def-kmcel/hridansh/openalex_project/results/team_size_same_topics.png

SUMMARY STATISTICS

Year    SDL Mean    SDL Std    Non-SDL Mean    Non-SDL Std    Difference
--------------------------------------------------------------------------------
2012    2.33        0.47       3.89            3.11           -1.55
2013    5.33        2.69       4.19            2.70           1.14
2014    8.60        4.80       4.03            2.78           4.57
2015    6.21        4.25       4.23            2.83           1.99
2016    6.45        3.68       4.42            2.91           2.03
2017    5.42        4.07       4.55            2.97           0.87
2018    6.46        3.41       4.64            3.04           1.82
2019    7.00        3.82       4.71            3.16           2.29
2020    7.22        3.87       4.57            3.39           2.65
2021    7.38        3.82       5.07            3.35           2.31
2022    7.86        4.81       5.30            3.29           2.56
2023    9.13        8.45       5.37            3.48           3.75
2024    8.90        3.62       5.36            3.63           3.54
--------------------------------------------------------------------------------
OVERALL 7.58        5.36       4.70            3.20           2.87

==========================================
Completed at: Sun Oct 26 23:01:40 EDT 2025
==========================================

Generated files:
total 25K
-rw-r-----. 1 hridansh def-kmcel 115K Oct 26 22:30 team_size_all_data.png
-rw-r-----. 1 hridansh def-kmcel 116K Oct 26 22:40 team_size_same_journals.png
-rw-r-----. 1 hridansh def-kmcel 115K Oct 26 23:01 team_size_same_topics.png
