==========================================
SDL vs Non-SDL (Journals and TOPIC) Graph Generation
Started at: Mon Oct 27 00:43:59 EDT 2025
Job ID: 51364448
Running on node: nl11003
==========================================

Python environment:
Python 3.11.5


============================================================
Extracting SAME TOPICS data
============================================================

Collecting SDL topics...
Found 33 unique topics with SDL papers

Processing year 2012...
  SDL: 3, Non-SDL (filtered): 110827
Processing year 2013...
  SDL: 2, Non-SDL (filtered): 71802
Processing year 2014...
  SDL: 5, Non-SDL (filtered): 78399
Processing year 2015...
  SDL: 11, Non-SDL (filtered): 84126
Processing year 2016...
  SDL: 8, Non-SDL (filtered): 87785
Processing year 2017...
  SDL: 15, Non-SDL (filtered): 91272
Processing year 2018...
  SDL: 12, Non-SDL (filtered): 100895
Processing year 2019...
  SDL: 16, Non-SDL (filtered): 111129
Processing year 2020...
  SDL: 29, Non-SDL (filtered): 122451
Processing year 2021...
  SDL: 10, Non-SDL (filtered): 119512
Processing year 2022...
  SDL: 52, Non-SDL (filtered): 214334
Processing year 2023...
  SDL: 41, Non-SDL (filtered): 137959
Processing year 2024...
  SDL: 13, Non-SDL (filtered): 151418
Processing year 2025...

Total SDL papers: 217
Total Non-SDL papers (same topics): 1481909
Saved plot: /project/def-kmcel/hridansh/openalex_project/results/team_size_same_topics.png

SUMMARY STATISTICS

Year    SDL Mean    SDL Std    Non-SDL Mean    Non-SDL Std    Difference
--------------------------------------------------------------------------------
2012    2.33        0.47       3.51            3.20           -1.18
2013    4.00        1.00       3.42            2.59           0.58
2014    8.60        4.80       3.51            2.72           5.09
2015    6.73        4.57       3.55            2.76           3.18
2016    6.12        3.82       3.87            2.87           2.25
2017    4.33        2.33       3.97            2.89           0.36
2018    6.83        3.02       4.12            3.01           2.71
2019    7.88        4.48       4.31            3.15           3.56
2020    6.62        3.82       4.32            3.26           2.30
2021    10.20        3.54       4.73            3.33           5.47
2022    7.38        3.40       5.15            3.28           2.23
2023    9.76        8.91       5.13            3.44           4.63
2024    8.92        3.95       5.31            3.56           3.61
--------------------------------------------------------------------------------
OVERALL 7.59        5.35       4.40            3.23           3.20

==========================================
Completed at: Mon Oct 27 00:51:54 EDT 2025
==========================================

Generated files:
total 689K
-rw-r-----. 1 hridansh def-kmcel 115K Oct 26 22:30 combined_team_size_all.png
-rw-r-----. 1 hridansh def-kmcel 116K Oct 26 22:40 combined_team_size_same_journals.png
-rw-r-----. 1 hridansh def-kmcel 115K Oct 26 23:01 combined_team_size_same_topics.png
-rw-r-----. 1 hridansh def-kmcel 117K Oct 27 00:31 combined_team_size_sdl_vs_robotics.png
-rw-r-----. 1 hridansh def-kmcel 115K Oct 27 00:51 team_size_same_topics.png
