==========================================
SDL vs Non-SDL (all)  Graph Generation
Started at: Mon Oct 27 01:28:26 EDT 2025
Job ID: 51364592
Running on node: nl11003
==========================================

Python environment:
Python 3.11.5


============================================================
Extracting ALL data (no filtering)
============================================================

Processing year 2012...
  SDL: 3, Non-SDL: 1470170
Processing year 2013...
  SDL: 2, Non-SDL: 946300
Processing year 2014...
  SDL: 5, Non-SDL: 947917
Processing year 2015...
  SDL: 11, Non-SDL: 999521
Processing year 2016...
  SDL: 8, Non-SDL: 983898
Processing year 2017...
  SDL: 15, Non-SDL: 1002744
Processing year 2018...
  SDL: 12, Non-SDL: 1075261
Processing year 2019...
  SDL: 16, Non-SDL: 1115562
Processing year 2020...
  SDL: 29, Non-SDL: 1052923
Processing year 2021...
  SDL: 10, Non-SDL: 1005452
Processing year 2022...
  SDL: 52, Non-SDL: 1634029
Processing year 2023...
  SDL: 41, Non-SDL: 1044179
Processing year 2024...
  SDL: 13, Non-SDL: 1153873

Total SDL papers: 217
Total Non-SDL papers: 14431829
Saved plot: /project/def-kmcel/hridansh/openalex_project/results/team_size_all_data.png

SUMMARY STATISTICS

Year    SDL Mean    SDL Std    Non-SDL Mean    Non-SDL Std    Difference
--------------------------------------------------------------------------------
2012    2.33        0.47       3.01            2.69           -0.67
2013    4.00        1.00       2.85            2.44           1.15
2014    8.60        4.80       2.99            2.47           5.61
2015    6.73        4.57       2.93            2.50           3.79
2016    6.12        3.82       3.15            2.55           2.97
2017    4.33        2.33       3.19            2.63           1.14
2018    6.83        3.02       3.24            2.65           3.59
2019    7.88        4.48       3.37            2.89           4.51
2020    6.62        3.82       3.57            2.86           3.05
2021    10.20        3.54       3.84            2.91           6.36
2022    7.38        3.40       4.21            2.92           3.17
2023    9.76        8.91       4.17            3.00           5.59
2024    8.92        3.95       4.33            3.05           4.59
--------------------------------------------------------------------------------
OVERALL 7.59        5.35       3.48            2.80           4.11

==========================================
Completed at: Mon Oct 27 01:32:15 EDT 2025
==========================================

Generated files:
total 958K
-rw-r-----. 1 hridansh def-kmcel 115K Oct 26 22:30 combined_team_size_all.png
-rw-r-----. 1 hridansh def-kmcel 116K Oct 26 22:40 combined_team_size_same_journals.png
-rw-r-----. 1 hridansh def-kmcel 119K Oct 27 01:14 combined_team_size_same_journals_and_topics.png
-rw-r-----. 1 hridansh def-kmcel 115K Oct 26 23:01 combined_team_size_same_topics.png
-rw-r-----. 1 hridansh def-kmcel 117K Oct 27 00:31 combined_team_size_sdl_vs_robotics.png
-rw-r-----. 1 hridansh def-kmcel 116K Oct 27 01:19 engineering_team_size_same_journals.png
-rw-r-----. 1 hridansh def-kmcel 115K Oct 27 00:51 engineering_team_size_same_topics.png
-rw-r-----. 1 hridansh def-kmcel 115K Oct 27 01:32 team_size_all_data.png
