==========================================
SDL vs Non-SDL Team Size Analysis
Started at: Sun Oct 26 13:30:26 EDT 2025
Job ID: 51336819
Running on node: nc10350
==========================================

Python version:
Python 3.11.5

Installed packages:
matplotlib      3.10.1+computecanada
numpy           2.3.3+computecanada
pandas          2.3.3+computecanada
seaborn         0.13.2+computecanada

Starting SDL vs non-SDL team size analysis...

============================================================
Extracting ALL data (no filtering)
============================================================

Processing year 2012...
  SDL: 4, Non-SDL: 1740935
Processing year 2013...
  SDL: 6, Non-SDL: 1350601
Processing year 2014...
  SDL: 6, Non-SDL: 1372115
Processing year 2015...
  SDL: 14, Non-SDL: 1402567
Processing year 2016...
  SDL: 3, Non-SDL: 403110
Processing year 2017...
  SDL: 19, Non-SDL: 1399904
Processing year 2018...
  SDL: 26, Non-SDL: 1495737
Processing year 2019...
  SDL: 35, Non-SDL: 1531437
Processing year 2020...
  SDL: 50, Non-SDL: 1502991
Processing year 2021...
  SDL: 45, Non-SDL: 1414656
Processing year 2022...
  SDL: 92, Non-SDL: 2217047
Processing year 2023...
  SDL: 78, Non-SDL: 1514079
Processing year 2024...
  SDL: 20, Non-SDL: 1525958

Total SDL papers: 398
Total Non-SDL papers: 18871137
Saved plot: /project/def-kmcel/hridansh/openalex_project/results/team_size_all_data.png

SUMMARY STATISTICS

Year    SDL Mean    SDL Std    Non-SDL Mean    Non-SDL Std    Difference
--------------------------------------------------------------------------------
2012    2.25        0.43       3.18            2.87           -0.93
2013    5.33        2.69       3.18            2.59           2.15
2014    8.00        4.58       3.19            2.62           4.81
2015    6.21        4.25       3.26            2.67           2.95
2016    7.33        3.09       4.22            2.88           3.11
2017    5.42        4.07       3.54            2.80           1.89
2018    6.46        3.41       3.51            2.80           2.95
2019    7.00        3.82       3.67            3.00           3.33
2020    7.22        3.87       3.78            3.03           3.44
2021    7.38        3.82       4.09            3.05           3.29
2022    7.95        4.86       4.30            3.06           3.65
2023    9.13        8.45       4.28            3.24           4.84
2024    8.90        3.62       4.53            3.17           4.37
--------------------------------------------------------------------------------
OVERALL 7.61        5.38       3.75            2.96           3.86

==========================================
Analysis completed at: Sun Oct 26 13:40:15 EDT 2025
==========================================

Output files created:
-rw-r-----. 1 hridansh def-kmcel 115K Oct 26 13:40 results/team_size_all_data.png
No CSV files found

Disk usage:
26K	results/
